Archive member included to satisfy reference by file (symbol)

d:/imt arm stuff/02- tools-001/02- tools/03- imt sdk/imt_sdk_win_64/imt_sdk_win_64/winarm/armgcc/bin/../lib/gcc/arm-none-eabi/7.2.1/../../../../arm-none-eabi/lib/thumb/v7e-m\libg_nano.a(lib_a-errno.o)
                              ./system/src/newlib/_sbrk.o (__errno)
d:/imt arm stuff/02- tools-001/02- tools/03- imt sdk/imt_sdk_win_64/imt_sdk_win_64/winarm/armgcc/bin/../lib/gcc/arm-none-eabi/7.2.1/../../../../arm-none-eabi/lib/thumb/v7e-m\libg_nano.a(lib_a-impure.o)
                              d:/imt arm stuff/02- tools-001/02- tools/03- imt sdk/imt_sdk_win_64/imt_sdk_win_64/winarm/armgcc/bin/../lib/gcc/arm-none-eabi/7.2.1/../../../../arm-none-eabi/lib/thumb/v7e-m\libg_nano.a(lib_a-errno.o) (_impure_ptr)

Allocating common symbols
Common symbol       size              file

errno               0x4               ./system/src/newlib/_syscalls.o
uwTick              0x4               ./system/src/stm32f4-hal/stm32f4xx_hal.o
pFlash              0x20              ./system/src/stm32f4-hal/stm32f4xx_hal_flash.o

Discarded input sections

 .group         0x00000000        0xc ./system/src/stm32f4-hal/stm32f4xx_hal.o
 .group         0x00000000        0xc ./system/src/stm32f4-hal/stm32f4xx_hal.o
 .group         0x00000000        0xc ./system/src/stm32f4-hal/stm32f4xx_hal.o
 .group         0x00000000        0xc ./system/src/stm32f4-hal/stm32f4xx_hal.o
 .group         0x00000000        0xc ./system/src/stm32f4-hal/stm32f4xx_hal.o
 .group         0x00000000        0xc ./system/src/stm32f4-hal/stm32f4xx_hal.o
 .group         0x00000000        0xc ./system/src/stm32f4-hal/stm32f4xx_hal.o
 .group         0x00000000        0xc ./system/src/stm32f4-hal/stm32f4xx_hal.o
 .group         0x00000000        0xc ./system/src/stm32f4-hal/stm32f4xx_hal.o
 .group         0x00000000        0xc ./system/src/stm32f4-hal/stm32f4xx_hal.o
 .group         0x00000000        0xc ./system/src/stm32f4-hal/stm32f4xx_hal.o
 .group         0x00000000        0xc ./system/src/stm32f4-hal/stm32f4xx_hal.o
 .group         0x00000000        0xc ./system/src/stm32f4-hal/stm32f4xx_hal.o
 .group         0x00000000        0xc ./system/src/stm32f4-hal/stm32f4xx_hal.o
 .group         0x00000000        0xc ./system/src/stm32f4-hal/stm32f4xx_hal.o
 .group         0x00000000        0xc ./system/src/stm32f4-hal/stm32f4xx_hal.o
 .group         0x00000000        0xc ./system/src/stm32f4-hal/stm32f4xx_hal.o
 .group         0x00000000        0xc ./system/src/stm32f4-hal/stm32f4xx_hal.o
 .group         0x00000000        0xc ./system/src/stm32f4-hal/stm32f4xx_hal.o
 .group         0x00000000        0xc ./system/src/stm32f4-hal/stm32f4xx_hal.o
 .group         0x00000000        0xc ./system/src/stm32f4-hal/stm32f4xx_hal.o
 .group         0x00000000        0xc ./system/src/stm32f4-hal/stm32f4xx_hal.o
 .group         0x00000000        0xc ./system/src/stm32f4-hal/stm32f4xx_hal.o
 .group         0x00000000        0xc ./system/src/stm32f4-hal/stm32f4xx_hal.o
 .group         0x00000000        0xc ./system/src/stm32f4-hal/stm32f4xx_hal.o
 .group         0x00000000        0xc ./system/src/stm32f4-hal/stm32f4xx_hal.o
 .group         0x00000000        0xc ./system/src/stm32f4-hal/stm32f4xx_hal.o
 .group         0x00000000        0xc ./system/src/stm32f4-hal/stm32f4xx_hal.o
 .group         0x00000000        0xc ./system/src/stm32f4-hal/stm32f4xx_hal.o
 .group         0x00000000        0xc ./system/src/stm32f4-hal/stm32f4xx_hal.o
 .group         0x00000000        0xc ./system/src/stm32f4-hal/stm32f4xx_hal.o
 .group         0x00000000        0xc ./system/src/stm32f4-hal/stm32f4xx_hal.o
 .group         0x00000000        0xc ./system/src/stm32f4-hal/stm32f4xx_hal.o
 .group         0x00000000        0xc ./system/src/stm32f4-hal/stm32f4xx_hal.o
 .group         0x00000000        0xc ./system/src/stm32f4-hal/stm32f4xx_hal.o
 .group         0x00000000        0xc ./system/src/stm32f4-hal/stm32f4xx_hal.o
 .group         0x00000000        0xc ./system/src/stm32f4-hal/stm32f4xx_hal.o
 .group         0x00000000        0xc ./system/src/stm32f4-hal/stm32f4xx_hal.o
 .group         0x00000000        0xc ./system/src/stm32f4-hal/stm32f4xx_hal.o
 .group         0x00000000        0xc ./system/src/stm32f4-hal/stm32f4xx_hal.o
 .group         0x00000000        0xc ./system/src/stm32f4-hal/stm32f4xx_hal.o
 .group         0x00000000        0xc ./system/src/stm32f4-hal/stm32f4xx_hal.o
 .group         0x00000000        0xc ./system/src/stm32f4-hal/stm32f4xx_hal.o
 .group         0x00000000        0xc ./system/src/stm32f4-hal/stm32f4xx_hal.o
 .group         0x00000000        0xc ./system/src/stm32f4-hal/stm32f4xx_hal.o
 .group         0x00000000        0xc ./system/src/stm32f4-hal/stm32f4xx_hal.o
 .group         0x00000000        0xc ./system/src/stm32f4-hal/stm32f4xx_hal.o
 .group         0x00000000        0xc ./system/src/stm32f4-hal/stm32f4xx_hal.o
 .group         0x00000000        0xc ./system/src/stm32f4-hal/stm32f4xx_hal.o
[...]
Memory Configuration

Name             Origin             Length             Attributes
RAM              0x20000000         0x00010000         xrw
CCMRAM           0x10000000         0x00000000         xrw
FLASH            0x08000000         0x00040000         xr
FLASHB1          0x00000000         0x00000000         xr
EXTMEMB0         0x00000000         0x00000000         xr
EXTMEMB1         0x00000000         0x00000000         xr
EXTMEMB2         0x00000000         0x00000000         xr
EXTMEMB3         0x00000000         0x00000000         xr
*default*        0x00000000         0xffffffff

Linker script and memory map

LOAD ./system/src/stm32f4-hal/stm32f4xx_hal.o
LOAD ./system/src/stm32f4-hal/stm32f4xx_hal_cortex.o
LOAD ./system/src/stm32f4-hal/stm32f4xx_hal_dfsdm.o
LOAD ./system/src/stm32f4-hal/stm32f4xx_hal_flash.o
LOAD ./system/src/stm32f4-hal/stm32f4xx_hal_gpio.o
LOAD ./system/src/stm32f4-hal/stm32f4xx_hal_iwdg.o
LOAD ./system/src/stm32f4-hal/stm32f4xx_hal_pwr.o
LOAD ./system/src/stm32f4-hal/stm32f4xx_hal_rcc.o
LOAD ./system/src/newlib/_cxx.o
LOAD ./system/src/newlib/_exit.o
LOAD ./system/src/newlib/_sbrk.o
LOAD ./system/src/newlib/_startup.o
LOAD ./system/src/newlib/_syscalls.o
LOAD ./system/src/newlib/assert.o
LOAD ./system/src/diag/Trace.o
LOAD ./system/src/diag/trace_impl.o
LOAD ./system/src/cortexm/_initialize_hardware.o
LOAD ./system/src/cortexm/_reset_hardware.o
LOAD ./system/src/cortexm/exception_handlers.o
LOAD ./system/src/cmsis/system_stm32f4xx.o
LOAD ./system/src/cmsis/vectors_stm32f401xc.o
LOAD ./src/HLED_MATRIX_Program.o
LOAD ./src/MGPIO_Program.o
LOAD ./src/MNVIC_Program.o
LOAD ./src/MRCC_Program.o
LOAD ./src/MSTK_Program.o
LOAD ./src/main.o
LOAD d:/imt arm stuff/02- tools-001/02- tools/03- imt sdk/imt_sdk_win_64/imt_sdk_win_64/winarm/armgcc/bin/../lib/gcc/arm-none-eabi/7.2.1/../../../../arm-none-eabi/lib/thumb/v7e-m\libstdc++_nano.a
LOAD d:/imt arm stuff/02- tools-001/02- tools/03- imt sdk/imt_sdk_win_64/imt_sdk_win_64/winarm/armgcc/bin/../lib/gcc/arm-none-eabi/7.2.1/../../../../arm-none-eabi/lib/thumb/v7e-m\libm.a
START GROUP
LOAD d:/imt arm stuff/02- tools-001/02- tools/03- imt sdk/imt_sdk_win_64/imt_sdk_win_64/winarm/armgcc/bin/../lib/gcc/arm-none-eabi/7.2.1/thumb/v7e-m\libgcc.a
LOAD d:/imt arm stuff/02- tools-001/02- tools/03- imt sdk/imt_sdk_win_64/imt_sdk_win_64/winarm/armgcc/bin/../lib/gcc/arm-none-eabi/7.2.1/../../../../arm-none-eabi/lib/thumb/v7e-m\libg_nano.a
LOAD d:/imt arm stuff/02- tools-001/02- tools/03- imt sdk/imt_sdk_win_64/imt_sdk_win_64/winarm/armgcc/bin/../lib/gcc/arm-none-eabi/7.2.1/../../../../arm-none-eabi/lib/thumb/v7e-m\libc_nano.a
END GROUP
START GROUP
LOAD d:/imt arm stuff/02- tools-001/02- tools/03- imt sdk/imt_sdk_win_64/imt_sdk_win_64/winarm/armgcc/bin/../lib/gcc/arm-none-eabi/7.2.1/thumb/v7e-m\libgcc.a
LOAD d:/imt arm stuff/02- tools-001/02- tools/03- imt sdk/imt_sdk_win_64/imt_sdk_win_64/winarm/armgcc/bin/../lib/gcc/arm-none-eabi/7.2.1/../../../../arm-none-eabi/lib/thumb/v7e-m\libc_nano.a
END GROUP
                0x20010000                __stack = (ORIGIN (RAM) + LENGTH (RAM))
                0x20010000                _estack = __stack
                0x00000400                __Main_Stack_Size = 0x400
                [!provide]                PROVIDE (_Main_Stack_Size, __Main_Stack_Size)
                0x2000fc00                __Main_Stack_Limit = (__stack - __Main_Stack_Size)
                [!provide]                PROVIDE (_Main_Stack_Limit, __Main_Stack_Limit)
                0x00000100                _Minimum_Stack_Size = 0x100
                0x20000128                PROVIDE (_Heap_Begin, _end_noinit)
                0x2000fc00                PROVIDE (_Heap_Limit, (__stack - __Main_Stack_Size))

.isr_vector     0x08000000      0x338
 FILL mask 0xff
                0x08000000                __vectors_start = ABSOLUTE (.)
                0x08000000                __vectors_start__ = ABSOLUTE (.)
 *(.isr_vector)
 .isr_vector    0x08000000      0x194 ./system/src/cmsis/vectors_stm32f401xc.o
                0x08000000                __isr_vectors
 *(.cfmconfig)
 *(.after_vectors .after_vectors.*)
 .after_vectors
                0x08000194      0x130 ./system/src/newlib/_startup.o
                0x08000194                _start
 .after_vectors
                0x080002c4       0x70 ./system/src/cortexm/exception_handlers.o
                0x080002c4                Reset_Handler
                0x080002ca                NMI_Handler
                0x080002ce                HardFault_Handler
                0x080002e2                HardFault_Handler_C
                0x080002e6                MemManage_Handler
                0x080002ea                BusFault_Handler
                0x080002fe                BusFault_Handler_C
                0x08000302                UsageFault_Handler
                0x08000316                UsageFault_Handler_C
                0x0800031a                SVC_Handler
                0x0800031e                DebugMon_Handler
                0x08000322                PendSV_Handler
                0x08000326                SysTick_Handler
 .after_vectors
                0x08000334        0x4 ./system/src/cmsis/vectors_stm32f401xc.o
                0x08000334                RTC_Alarm_IRQHandler
                0x08000334                EXTI2_IRQHandler
                0x08000334                SPI4_IRQHandler
                0x08000334                TIM1_CC_IRQHandler
                0x08000334                DMA2_Stream5_IRQHandler
                0x08000334                DMA1_Stream5_IRQHandler
                0x08000334                PVD_IRQHandler
                0x08000334                SDIO_IRQHandler
                0x08000334                TAMP_STAMP_IRQHandler
                0x08000334                EXTI3_IRQHandler
                0x08000334                TIM1_UP_TIM10_IRQHandler
                0x08000334                I2C3_ER_IRQHandler
                0x08000334                EXTI0_IRQHandler
                0x08000334                I2C2_EV_IRQHandler
                0x08000334                DMA1_Stream2_IRQHandler
                0x08000334                FPU_IRQHandler
                0x08000334                DMA2_Stream2_IRQHandler
                0x08000334                SPI1_IRQHandler
                0x08000334                TIM1_BRK_TIM9_IRQHandler
                0x08000334                DMA2_Stream3_IRQHandler
                0x08000334                USART6_IRQHandler
                0x08000334                DMA2_Stream0_IRQHandler
                0x08000334                TIM4_IRQHandler
                0x08000334                I2C1_EV_IRQHandler
                0x08000334                DMA1_Stream6_IRQHandler
                0x08000334                DMA1_Stream1_IRQHandler
                0x08000334                TIM3_IRQHandler
                0x08000334                RCC_IRQHandler
                0x08000334                Default_Handler
                0x08000334                EXTI15_10_IRQHandler
                0x08000334                ADC_IRQHandler
                0x08000334                DMA1_Stream7_IRQHandler
                0x08000334                TIM5_IRQHandler
                0x08000334                DMA2_Stream7_IRQHandler
                0x08000334                I2C3_EV_IRQHandler
                0x08000334                EXTI9_5_IRQHandler
                0x08000334                RTC_WKUP_IRQHandler
                0x08000334                SPI2_IRQHandler
                0x08000334                DMA1_Stream0_IRQHandler
                0x08000334                EXTI4_IRQHandler
                0x08000334                WWDG_IRQHandler
                0x08000334                TIM2_IRQHandler
                0x08000334                OTG_FS_WKUP_IRQHandler
                0x08000334                TIM1_TRG_COM_TIM11_IRQHandler
                0x08000334                EXTI1_IRQHandler
                0x08000334                USART2_IRQHandler
                0x08000334                I2C2_ER_IRQHandler
                0x08000334                DMA2_Stream1_IRQHandler
                0x08000334                FLASH_IRQHandler
                0x08000334                DMA2_Stream4_IRQHandler
                0x08000334                USART1_IRQHandler
                0x08000334                OTG_FS_IRQHandler
                0x08000334                SPI3_IRQHandler
                0x08000334                DMA1_Stream4_IRQHandler
                0x08000334                I2C1_ER_IRQHandler
                0x08000334                DMA2_Stream6_IRQHandler
                0x08000334                DMA1_Stream3_IRQHandler

.inits          0x08000338       0x28
                0x08000338                __data_regions_array_start = .
                0x08000338        0x4 LONG 0x8000e28 LOADADDR (.data)
                0x0800033c        0x4 LONG 0x20000000 ADDR (.data)
                0x08000340        0x4 LONG 0x20000114 (ADDR (.data) + SIZEOF (.data))
                0x08000344        0x4 LONG 0x8000e28 LOADADDR (.data_CCMRAM)
                0x08000348        0x4 LONG 0x10000000 ADDR (.data_CCMRAM)
                0x0800034c        0x4 LONG 0x10000000 (ADDR (.data_CCMRAM) + SIZEOF (.data_CCMRAM))
                0x08000350                __data_regions_array_end = .
                0x08000350                __bss_regions_array_start = .
                0x08000350        0x4 LONG 0x20000114 ADDR (.bss)
                0x08000354        0x4 LONG 0x20000128 (ADDR (.bss) + SIZEOF (.bss))
                0x08000358        0x4 LONG 0x10000000 ADDR (.bss_CCMRAM)
                0x0800035c        0x4 LONG 0x10000000 (ADDR (.bss_CCMRAM) + SIZEOF (.bss_CCMRAM))
                0x08000360                __bss_regions_array_end = .
 *(.init)
 *(.fini)
                0x08000360                . = ALIGN (0x4)
                0x08000360                PROVIDE (__preinit_array_start, .)
 *(.preinit_array_sysinit .preinit_array_sysinit.*)
 *(.preinit_array_platform .preinit_array_platform.*)
 *(.preinit_array .preinit_array.*)
                0x08000360                PROVIDE (__preinit_array_end, .)
                0x08000360                . = ALIGN (0x4)
                0x08000360                PROVIDE (__init_array_start, .)
 *(SORT_BY_NAME(.init_array.*))
 *(.init_array)
                0x08000360                PROVIDE (__init_array_end, .)
                0x08000360                . = ALIGN (0x4)
                0x08000360                PROVIDE (__fini_array_start, .)
 *(SORT_BY_NAME(.fini_array.*))
 *(.fini_array)
                0x08000360                PROVIDE (__fini_array_end, .)

.flashtext
 *(.flashtext .flashtext.*)

.text           0x08000360      0xac8
 *(.text .text.*)
 .text._exit    0x08000360        0x2 ./system/src/newlib/_exit.o
                0x08000360                _exit
 *fill*         0x08000362        0x2 
 .text.__initialize_args
                0x08000364       0x10 ./system/src/newlib/_syscalls.o
                0x08000364                __initialize_args
 .text.__initialize_hardware_early
                0x08000374       0x18 ./system/src/cortexm/_initialize_hardware.o
                0x08000374                __initialize_hardware_early
 .text.__initialize_hardware
                0x0800038c        0x8 ./system/src/cortexm/_initialize_hardware.o
                0x0800038c                __initialize_hardware
 .text.SystemInit
                0x08000394       0x40 ./system/src/cmsis/system_stm32f4xx.o
                0x08000394                SystemInit
 .text.SystemCoreClockUpdate
                0x080003d4       0xa0 ./system/src/cmsis/system_stm32f4xx.o
                0x080003d4                SystemCoreClockUpdate
 .text.HLEDMAT_voidDisableCols
                0x08000474       0x54 ./src/HLED_MATRIX_Program.o
 .text.HLEDMAT_voidSetRowVlaues
                0x080004c8       0x64 ./src/HLED_MATRIX_Program.o
 .text.HLEDMAT_voidInit
                0x0800052c      0x1e4 ./src/HLED_MATRIX_Program.o
                0x0800052c                HLEDMAT_voidInit
 .text.HLEDMAT_voidDisplay
                0x08000710       0xe6 ./src/HLED_MATRIX_Program.o
                0x08000710                HLEDMAT_voidDisplay
 *fill*         0x080007f6        0x2 
 .text.MGPIO_voidSetPinMode
                0x080007f8       0x7c ./src/MGPIO_Program.o
                0x080007f8                MGPIO_voidSetPinMode
 .text.MGPIO_voidSetOutputType
                0x08000874       0x70 ./src/MGPIO_Program.o
                0x08000874                MGPIO_voidSetOutputType
 .text.MGPIO_voidSetOutputSpeed
                0x080008e4       0x7c ./src/MGPIO_Program.o
                0x080008e4                MGPIO_voidSetOutputSpeed
 .text.MGPIO_voidSetPinValue
                0x08000960      0x104 ./src/MGPIO_Program.o
                0x08000960                MGPIO_voidSetPinValue
 .text.MRCC_voidEnablePeripheralClock
                0x08000a64       0x5c ./src/MRCC_Program.o
                0x08000a64                MRCC_voidEnablePeripheralClock
 .text.MRCC_voidInitSystemClk
                0x08000ac0       0x28 ./src/MRCC_Program.o
                0x08000ac0                MRCC_voidInitSystemClk
 .text.MSTK_voidInit
                0x08000ae8        0xc ./src/MSTK_Program.o
                0x08000ae8                MSTK_voidInit
 .text.MSTK_voidStart
                0x08000af4       0x18 ./src/MSTK_Program.o
                0x08000af4                MSTK_voidStart
 .text.MSTK_u8ReadFlag
                0x08000b0c       0x10 ./src/MSTK_Program.o
                0x08000b0c                MSTK_u8ReadFlag
 .text.MSTK_voidCtrlIntState
                0x08000b1c       0x18 ./src/MSTK_Program.o
                0x08000b1c                MSTK_voidCtrlIntState
 .text.MSTK_voidDelayMs
                0x08000b34       0x24 ./src/MSTK_Program.o
                0x08000b34                MSTK_voidDelayMs
 .text.MSTK_voidDelayUs
                0x08000b58       0x24 ./src/MSTK_Program.o
                0x08000b58                MSTK_voidDelayUs
 .text.main     0x08000b7c      0x29c ./src/main.o
                0x08000b7c                main
 *(.rodata .rodata.* .constdata .constdata.*)
 .rodata.AHBPrescTable
                0x08000e18       0x10 ./system/src/cmsis/system_stm32f4xx.o
                0x08000e18                AHBPrescTable
 *(vtable)
 *(.eh_frame*)
 *(.glue_7)
 .glue_7        0x08000e28        0x0 linker stubs
 *(.glue_7t)
 .glue_7t       0x08000e28        0x0 linker stubs

.vfp11_veneer   0x08000e28        0x0
 .vfp11_veneer  0x08000e28        0x0 linker stubs

.v4_bx          0x08000e28        0x0
 .v4_bx         0x08000e28        0x0 linker stubs

.iplt           0x08000e28        0x0
 .iplt          0x08000e28        0x0 ./system/src/newlib/_exit.o

.rel.dyn        0x08000e28        0x0
 .rel.iplt      0x08000e28        0x0 ./system/src/newlib/_exit.o

.ARM.extab
 *(.ARM.extab* .gnu.linkonce.armextab.*)
                0x08000e28                . = ALIGN (0x4)
                0x08000e28                __exidx_start = .

.ARM.exidx
 *(.ARM.exidx* .gnu.linkonce.armexidx.*)
                0x08000e28                __exidx_end = .
                0x08000e28                . = ALIGN (0x4)
                0x08000e28                _etext = .
                0x08000e28                __etext = .

.data_CCMRAM    0x10000000        0x0 load address 0x08000e28
 FILL mask 0xff
 *(.data.CCMRAM .data.CCMRAM.*)
                0x10000000                . = ALIGN (0x4)
                0x08000e28                _sidata = LOADADDR (.data)

.data           0x20000000      0x114 load address 0x08000e28
 FILL mask 0xff
                0x20000000                _sdata = .
                0x20000000                __data_start__ = .
 *(.data_begin .data_begin.*)
 .data_begin    0x20000000        0x4 ./system/src/newlib/_startup.o
 *(.data .data.*)
 .data.argv.4310
                0x20000004        0x8 ./system/src/newlib/_syscalls.o
 .data.SystemCoreClock
                0x2000000c        0x4 ./system/src/cmsis/system_stm32f4xx.o
                0x2000000c                SystemCoreClock
 .data.GLOB_u8DataArr
                0x20000010        0x8 ./src/main.o
                0x20000010                GLOB_u8DataArr
 .data.GLOB_u8DataArr1
                0x20000018        0x8 ./src/main.o
                0x20000018                GLOB_u8DataArr1
 .data.GLOB_u8DataArr10
                0x20000020        0x8 ./src/main.o
                0x20000020                GLOB_u8DataArr10
 .data.GLOB_u8DataArr11
                0x20000028        0x8 ./src/main.o
                0x20000028                GLOB_u8DataArr11
 .data.GLOB_u8DataArr12
                0x20000030        0x8 ./src/main.o
                0x20000030                GLOB_u8DataArr12
 .data.GLOB_u8DataArr13
                0x20000038        0x8 ./src/main.o
                0x20000038                GLOB_u8DataArr13
 .data.GLOB_u8DataArr14
                0x20000040        0x8 ./src/main.o
                0x20000040                GLOB_u8DataArr14
 .data.GLOB_u8DataArr15
                0x20000048        0x8 ./src/main.o
                0x20000048                GLOB_u8DataArr15
 .data.GLOB_u8DataArr16
                0x20000050        0x8 ./src/main.o
                0x20000050                GLOB_u8DataArr16
 .data.GLOB_u8DataArr17
                0x20000058        0x8 ./src/main.o
                0x20000058                GLOB_u8DataArr17
 .data.GLOB_u8DataArr18
                0x20000060        0x8 ./src/main.o
                0x20000060                GLOB_u8DataArr18
 .data.GLOB_u8DataArr19
                0x20000068        0x8 ./src/main.o
                0x20000068                GLOB_u8DataArr19
 .data.GLOB_u8DataArr2
                0x20000070        0x8 ./src/main.o
                0x20000070                GLOB_u8DataArr2
 .data.GLOB_u8DataArr20
                0x20000078        0x8 ./src/main.o
                0x20000078                GLOB_u8DataArr20
 .data.GLOB_u8DataArr21
                0x20000080        0x8 ./src/main.o
                0x20000080                GLOB_u8DataArr21
 .data.GLOB_u8DataArr22
                0x20000088        0x8 ./src/main.o
                0x20000088                GLOB_u8DataArr22
 .data.GLOB_u8DataArr23
                0x20000090        0x8 ./src/main.o
                0x20000090                GLOB_u8DataArr23
 .data.GLOB_u8DataArr24
                0x20000098        0x8 ./src/main.o
                0x20000098                GLOB_u8DataArr24
 .data.GLOB_u8DataArr25
                0x200000a0        0x8 ./src/main.o
                0x200000a0                GLOB_u8DataArr25
 .data.GLOB_u8DataArr26
                0x200000a8        0x8 ./src/main.o
                0x200000a8                GLOB_u8DataArr26
 .data.GLOB_u8DataArr27
                0x200000b0        0x8 ./src/main.o
                0x200000b0                GLOB_u8DataArr27
 .data.GLOB_u8DataArr28
                0x200000b8        0x8 ./src/main.o
                0x200000b8                GLOB_u8DataArr28
 .data.GLOB_u8DataArr29
                0x200000c0        0x8 ./src/main.o
                0x200000c0                GLOB_u8DataArr29
 .data.GLOB_u8DataArr3
                0x200000c8        0x8 ./src/main.o
                0x200000c8                GLOB_u8DataArr3
 .data.GLOB_u8DataArr30
                0x200000d0        0x8 ./src/main.o
                0x200000d0                GLOB_u8DataArr30
 .data.GLOB_u8DataArr31
                0x200000d8        0x8 ./src/main.o
                0x200000d8                GLOB_u8DataArr31
 .data.GLOB_u8DataArr4
                0x200000e0        0x8 ./src/main.o
                0x200000e0                GLOB_u8DataArr4
 .data.GLOB_u8DataArr5
                0x200000e8        0x8 ./src/main.o
                0x200000e8                GLOB_u8DataArr5
 .data.GLOB_u8DataArr6
                0x200000f0        0x8 ./src/main.o
                0x200000f0                GLOB_u8DataArr6
 .data.GLOB_u8DataArr7
                0x200000f8        0x8 ./src/main.o
                0x200000f8                GLOB_u8DataArr7
 .data.GLOB_u8DataArr8
                0x20000100        0x8 ./src/main.o
                0x20000100                GLOB_u8DataArr8
 .data.GLOB_u8DataArr9
                0x20000108        0x8 ./src/main.o
                0x20000108                GLOB_u8DataArr9
 *(.data_end .data_end.*)
 .data_end      0x20000110        0x4 ./system/src/newlib/_startup.o
                0x20000114                . = ALIGN (0x4)
                0x20000114                _edata = .
                0x20000114                __data_end__ = .

.igot.plt       0x20000114        0x0 load address 0x08000f3c
 .igot.plt      0x20000114        0x0 ./system/src/newlib/_exit.o

.bss_CCMRAM     0x10000000        0x0
 *(.bss.CCMRAM .bss.CCMRAM.*)

.bss            0x20000114       0x14
                0x20000114                __bss_start__ = .
                0x20000114                _sbss = .
 *(.bss_begin .bss_begin.*)
 .bss_begin     0x20000114        0x4 ./system/src/newlib/_startup.o
 *(.bss .bss.*)
 .bss.name.4309
                0x20000118        0x1 ./system/src/newlib/_syscalls.o
 *fill*         0x20000119        0x3 
 .bss.GLOB_u8DataArrEMPTY
                0x2000011c        0x8 ./src/main.o
                0x2000011c                GLOB_u8DataArrEMPTY
 *(COMMON)
 *(.bss_end .bss_end.*)
 .bss_end       0x20000124        0x4 ./system/src/newlib/_startup.o
                0x20000128                . = ALIGN (0x4)
                0x20000128                __bss_end__ = .
                0x20000128                _ebss = .

.noinit_CCMRAM
 *(.noinit.CCMRAM .noinit.CCMRAM.*)

.noinit         0x20000128        0x0
                0x20000128                _noinit = .
 *(.noinit .noinit.*)
                0x20000128                . = ALIGN (0x4)
                0x20000128                _end_noinit = .
                [!provide]                PROVIDE (end, _end_noinit)
                [!provide]                PROVIDE (_end, _end_noinit)
                [!provide]                PROVIDE (__end, _end_noinit)
                [!provide]                PROVIDE (__end__, _end_noinit)

._check_stack   0x20000128      0x100
                0x20000228                . = (. + _Minimum_Stack_Size)
 *fill*         0x20000128      0x100 

.b1text
 *(.b1text)
 *(.b1rodata)
 *(.b1rodata.*)

.eb0text
 *(.eb0text)
 *(.eb0rodata)
 *(.eb0rodata.*)

.eb1text
 *(.eb1text)
 *(.eb1rodata)
 *(.eb1rodata.*)

.eb2text
 *(.eb2text)
 *(.eb2rodata)
 *(.eb2rodata.*)

.eb3text
 *(.eb3text)
 *(.eb3rodata)
 *(.eb3rodata.*)

.stab
 *(.stab)

.stabstr
 *(.stabstr)

.stab.excl
 *(.stab.excl)

.stab.exclstr
 *(.stab.exclstr)

.stab.index
 *(.stab.index)

.stab.indexstr
 *(.stab.indexstr)

.comment        0x00000000       0x7e
 *(.comment)
 .comment       0x00000000       0x7e ./system/src/newlib/_exit.o
                                 0x7f (size before relaxing)
 .comment       0x0000007e       0x7f ./system/src/newlib/_startup.o
 .comment       0x0000007e       0x7f ./system/src/newlib/_syscalls.o
 .comment       0x0000007e       0x7f ./system/src/cortexm/_initialize_hardware.o
 .comment       0x0000007e       0x7f ./system/src/cortexm/exception_handlers.o
 .comment       0x0000007e       0x7f ./system/src/cmsis/system_stm32f4xx.o
 .comment       0x0000007e       0x7f ./system/src/cmsis/vectors_stm32f401xc.o
 .comment       0x0000007e       0x7f ./src/HLED_MATRIX_Program.o
 .comment       0x0000007e       0x7f ./src/MGPIO_Program.o
 .comment       0x0000007e       0x7f ./src/MRCC_Program.o
 .comment       0x0000007e       0x7f ./src/MSTK_Program.o
 .comment       0x0000007e       0x7f ./src/main.o

.ARM.attributes
                0x00000000       0x33
 .ARM.attributes
                0x00000000       0x33 ./system/src/newlib/_exit.o
 .ARM.attributes
                0x00000033       0x33 ./system/src/newlib/_startup.o
 .ARM.attributes
                0x00000066       0x33 ./system/src/newlib/_syscalls.o
 .ARM.attributes
                0x00000099       0x33 ./system/src/cortexm/_initialize_hardware.o
 .ARM.attributes
                0x000000cc       0x33 ./system/src/cortexm/exception_handlers.o
 .ARM.attributes
                0x000000ff       0x33 ./system/src/cmsis/system_stm32f4xx.o
 .ARM.attributes
                0x00000132       0x33 ./system/src/cmsis/vectors_stm32f401xc.o
 .ARM.attributes
                0x00000165       0x33 ./src/HLED_MATRIX_Program.o
 .ARM.attributes
                0x00000198       0x33 ./src/MGPIO_Program.o
 .ARM.attributes
                0x000001cb       0x33 ./src/MRCC_Program.o
 .ARM.attributes
                0x000001fe       0x33 ./src/MSTK_Program.o
 .ARM.attributes
                0x00000231       0x33 ./src/main.o

.debug
 *(.debug)

.line
 *(.line)

.debug_srcinfo
 *(.debug_srcinfo)

.debug_sfnames
 *(.debug_sfnames)

.debug_aranges  0x00000000      0x2b8
 *(.debug_aranges)
 .debug_aranges
                0x00000000       0x28 ./system/src/newlib/_exit.o
 .debug_aranges
                0x00000028       0x40 ./system/src/newlib/_startup.o
 .debug_aranges
                0x00000068       0x30 ./system/src/newlib/_syscalls.o
 .debug_aranges
                0x00000098       0x28 ./system/src/cortexm/_initialize_hardware.o
 .debug_aranges
                0x000000c0       0x80 ./system/src/cortexm/exception_handlers.o
 .debug_aranges
                0x00000140       0x28 ./system/src/cmsis/system_stm32f4xx.o
 .debug_aranges
                0x00000168       0x20 ./system/src/cmsis/vectors_stm32f401xc.o
 .debug_aranges
                0x00000188       0x38 ./src/HLED_MATRIX_Program.o
 .debug_aranges
                0x000001c0       0x60 ./src/MGPIO_Program.o
 .debug_aranges
                0x00000220       0x30 ./src/MRCC_Program.o
 .debug_aranges
                0x00000250       0x48 ./src/MSTK_Program.o
 .debug_aranges
                0x00000298       0x20 ./src/main.o

.debug_pubnames
 *(.debug_pubnames)

.debug_info     0x00000000     0x563d
 *(.debug_info .gnu.linkonce.wi.*)
 .debug_info    0x00000000      0x94a ./system/src/newlib/_exit.o
 .debug_info    0x0000094a      0x4bf ./system/src/newlib/_startup.o
 .debug_info    0x00000e09      0xa19 ./system/src/newlib/_syscalls.o
 .debug_info    0x00001822      0xade ./system/src/cortexm/_initialize_hardware.o
 .debug_info    0x00002300      0xb02 ./system/src/cortexm/exception_handlers.o
 .debug_info    0x00002e02      0xcfe ./system/src/cmsis/system_stm32f4xx.o
 .debug_info    0x00003b00       0xca ./system/src/cmsis/vectors_stm32f401xc.o
 .debug_info    0x00003bca      0xa94 ./src/HLED_MATRIX_Program.o
 .debug_info    0x0000465e      0x349 ./src/MGPIO_Program.o
 .debug_info    0x000049a7      0x11d ./src/MRCC_Program.o
 .debug_info    0x00004ac4      0x1f0 ./src/MSTK_Program.o
 .debug_info    0x00004cb4      0x989 ./src/main.o

.debug_abbrev   0x00000000     0x10fb
 *(.debug_abbrev)
 .debug_abbrev  0x00000000      0x1f5 ./system/src/newlib/_exit.o
 .debug_abbrev  0x000001f5      0x1cb ./system/src/newlib/_startup.o
 .debug_abbrev  0x000003c0      0x234 ./system/src/newlib/_syscalls.o
 .debug_abbrev  0x000005f4      0x1de ./system/src/cortexm/_initialize_hardware.o
 .debug_abbrev  0x000007d2      0x23a ./system/src/cortexm/exception_handlers.o
 .debug_abbrev  0x00000a0c      0x216 ./system/src/cmsis/system_stm32f4xx.o
 .debug_abbrev  0x00000c22       0x9d ./system/src/cmsis/vectors_stm32f401xc.o
 .debug_abbrev  0x00000cbf       0xb9 ./src/HLED_MATRIX_Program.o
 .debug_abbrev  0x00000d78      0x112 ./src/MGPIO_Program.o
 .debug_abbrev  0x00000e8a       0xaf ./src/MRCC_Program.o
 .debug_abbrev  0x00000f39       0xfc ./src/MSTK_Program.o
 .debug_abbrev  0x00001035       0xc6 ./src/main.o

.debug_line     0x00000000     0x3783
 *(.debug_line)
 .debug_line    0x00000000      0x3fa ./system/src/newlib/_exit.o
 .debug_line    0x000003fa      0x477 ./system/src/newlib/_startup.o
 .debug_line    0x00000871      0x4f0 ./system/src/newlib/_syscalls.o
 .debug_line    0x00000d61      0xad4 ./system/src/cortexm/_initialize_hardware.o
 .debug_line    0x00001835      0xbbb ./system/src/cortexm/exception_handlers.o
 .debug_line    0x000023f0      0xada ./system/src/cmsis/system_stm32f4xx.o
 .debug_line    0x00002eca      0x12d ./system/src/cmsis/vectors_stm32f401xc.o
 .debug_line    0x00002ff7      0x1a4 ./src/HLED_MATRIX_Program.o
 .debug_line    0x0000319b      0x1a9 ./src/MGPIO_Program.o
 .debug_line    0x00003344       0xd8 ./src/MRCC_Program.o
 .debug_line    0x0000341c      0x117 ./src/MSTK_Program.o
 .debug_line    0x00003533      0x250 ./src/main.o

.debug_frame    0x00000000      0x478
 *(.debug_frame)
 .debug_frame   0x00000000       0x38 ./system/src/newlib/_exit.o
 .debug_frame   0x00000038       0x7c ./system/src/newlib/_startup.o
 .debug_frame   0x000000b4       0x50 ./system/src/newlib/_syscalls.o
 .debug_frame   0x00000104       0x40 ./system/src/cortexm/_initialize_hardware.o
 .debug_frame   0x00000144       0xe8 ./system/src/cortexm/exception_handlers.o
 .debug_frame   0x0000022c       0x30 ./system/src/cmsis/system_stm32f4xx.o
 .debug_frame   0x0000025c       0x20 ./system/src/cmsis/vectors_stm32f401xc.o
 .debug_frame   0x0000027c       0x70 ./src/HLED_MATRIX_Program.o
 .debug_frame   0x000002ec       0xa0 ./src/MGPIO_Program.o
 .debug_frame   0x0000038c       0x40 ./src/MRCC_Program.o
 .debug_frame   0x000003cc       0x84 ./src/MSTK_Program.o
 .debug_frame   0x00000450       0x28 ./src/main.o

.debug_str      0x00000000    0x74286
 *(.debug_str)
 .debug_str     0x00000000     0x7cfb ./system/src/newlib/_exit.o
                               0x7ebf (size before relaxing)
 .debug_str     0x00007cfb      0xc23 ./system/src/newlib/_startup.o
                               0x6a12 (size before relaxing)
 .debug_str     0x0000891e     0x1311 ./system/src/newlib/_syscalls.o
                               0x814c (size before relaxing)
 .debug_str     0x00009c2f    0x67e33 ./system/src/cortexm/_initialize_hardware.o
                              0x6f6ef (size before relaxing)
 .debug_str     0x00071a62      0x1db ./system/src/cortexm/exception_handlers.o
                              0x707c8 (size before relaxing)
 .debug_str     0x00071c3d      0x164 ./system/src/cmsis/system_stm32f4xx.o
                              0x6f7d0 (size before relaxing)
 .debug_str     0x00071da1       0x59 ./system/src/cmsis/vectors_stm32f401xc.o
                               0x384f (size before relaxing)
 .debug_str     0x00071dfa     0x1890 ./src/HLED_MATRIX_Program.o
                               0x45e2 (size before relaxing)
 .debug_str     0x0007368a      0x145 ./src/MGPIO_Program.o
                               0x4452 (size before relaxing)
 .debug_str     0x000737cf      0x75f ./src/MRCC_Program.o
                               0x3628 (size before relaxing)
 .debug_str     0x00073f2e      0x121 ./src/MSTK_Program.o
                               0x304a (size before relaxing)
 .debug_str     0x0007404f      0x237 ./src/main.o
                               0x489f (size before relaxing)

.debug_loc      0x00000000     0x1382
 *(.debug_loc)
 .debug_loc     0x00000000      0x2cb ./system/src/newlib/_startup.o
 .debug_loc     0x000002cb       0x63 ./system/src/newlib/_syscalls.o
 .debug_loc     0x0000032e      0x13e ./system/src/cmsis/system_stm32f4xx.o
 .debug_loc     0x0000046c       0x3f ./src/HLED_MATRIX_Program.o
 .debug_loc     0x000004ab      0xcbf ./src/MGPIO_Program.o
 .debug_loc     0x0000116a      0x1b0 ./src/MRCC_Program.o
 .debug_loc     0x0000131a       0x68 ./src/MSTK_Program.o

.debug_macinfo
 *(.debug_macinfo)

.debug_weaknames
 *(.debug_weaknames)

.debug_funcnames
 *(.debug_funcnames)

.debug_typenames
 *(.debug_typenames)

.debug_varnames
 *(.debug_varnames)
OUTPUT(ITI_Dot_Led_Matrix.elf elf32-littlearm)

.debug_ranges   0x00000000      0x258
 .debug_ranges  0x00000000       0x18 ./system/src/newlib/_exit.o
 .debug_ranges  0x00000018       0x90 ./system/src/newlib/_startup.o
 .debug_ranges  0x000000a8       0x20 ./system/src/newlib/_syscalls.o
 .debug_ranges  0x000000c8       0x18 ./system/src/cortexm/_initialize_hardware.o
 .debug_ranges  0x000000e0       0x70 ./system/src/cortexm/exception_handlers.o
 .debug_ranges  0x00000150       0x18 ./system/src/cmsis/system_stm32f4xx.o
 .debug_ranges  0x00000168       0x10 ./system/src/cmsis/vectors_stm32f401xc.o
 .debug_ranges  0x00000178       0x28 ./src/HLED_MATRIX_Program.o
 .debug_ranges  0x000001a0       0x50 ./src/MGPIO_Program.o
 .debug_ranges  0x000001f0       0x20 ./src/MRCC_Program.o
 .debug_ranges  0x00000210       0x38 ./src/MSTK_Program.o
 .debug_ranges  0x00000248       0x10 ./src/main.o

.debug_macro    0x00000000     0x2d91
 .debug_macro   0x00000000      0x1b4 ./system/src/newlib/_exit.o
 .debug_macro   0x000001b4      0x10e ./system/src/newlib/_exit.o
 .debug_macro   0x000002c2       0x8d ./system/src/newlib/_exit.o
 .debug_macro   0x0000034f       0x35 ./system/src/newlib/_exit.o
 .debug_macro   0x00000384      0x173 ./system/src/newlib/_startup.o
 .debug_macro   0x000004f7      0xa66 ./system/src/newlib/_startup.o
 .debug_macro   0x00000f5d      0x217 ./system/src/newlib/_syscalls.o
 .debug_macro   0x00001174       0x1c ./system/src/newlib/_syscalls.o
 .debug_macro   0x00001190       0x10 ./system/src/newlib/_syscalls.o
 .debug_macro   0x000011a0       0x10 ./system/src/newlib/_syscalls.o
 .debug_macro   0x000011b0       0x10 ./system/src/newlib/_syscalls.o
 .debug_macro   0x000011c0       0x35 ./system/src/newlib/_syscalls.o
 .debug_macro   0x000011f5      0x122 ./system/src/newlib/_syscalls.o
 .debug_macro   0x00001317       0x88 ./system/src/newlib/_syscalls.o
 .debug_macro   0x0000139f       0x2b ./system/src/newlib/_syscalls.o
 .debug_macro   0x000013ca      0x118 ./system/src/newlib/_syscalls.o
 .debug_macro   0x000014e2      0x189 ./system/src/newlib/_syscalls.o
 .debug_macro   0x0000166b       0x16 ./system/src/newlib/_syscalls.o
 .debug_macro   0x00001681      0x4ee ./system/src/cortexm/_initialize_hardware.o
 .debug_macro   0x00001b6f      0x557 ./system/src/cortexm/exception_handlers.o
 .debug_macro   0x000020c6       0x3b ./system/src/cortexm/exception_handlers.o
 .debug_macro   0x00002101       0x22 ./system/src/cortexm/exception_handlers.o
 .debug_macro   0x00002123       0x16 ./system/src/cortexm/exception_handlers.o
 .debug_macro   0x00002139      0x4ea ./system/src/cmsis/system_stm32f4xx.o
 .debug_macro   0x00002623       0x34 ./system/src/cmsis/vectors_stm32f401xc.o
 .debug_macro   0x00002657       0x72 ./src/HLED_MATRIX_Program.o
 .debug_macro   0x000026c9       0x1c ./src/HLED_MATRIX_Program.o
 .debug_macro   0x000026e5       0x34 ./src/HLED_MATRIX_Program.o
 .debug_macro   0x00002719      0x1cc ./src/HLED_MATRIX_Program.o
 .debug_macro   0x000028e5      0x152 ./src/HLED_MATRIX_Program.o
 .debug_macro   0x00002a37       0x1c ./src/HLED_MATRIX_Program.o
 .debug_macro   0x00002a53       0x6a ./src/HLED_MATRIX_Program.o
 .debug_macro   0x00002abd       0x6a ./src/HLED_MATRIX_Program.o
 .debug_macro   0x00002b27       0x55 ./src/MGPIO_Program.o
 .debug_macro   0x00002b7c       0x3e ./src/MRCC_Program.o
 .debug_macro   0x00002bba       0xb8 ./src/MRCC_Program.o
 .debug_macro   0x00002c72       0x22 ./src/MRCC_Program.o
 .debug_macro   0x00002c94       0x40 ./src/MRCC_Program.o
 .debug_macro   0x00002cd4       0x3f ./src/MSTK_Program.o
 .debug_macro   0x00002d13       0x16 ./src/MSTK_Program.o
 .debug_macro   0x00002d29       0x68 ./src/main.o
